---
source: crates/plugin/src/model_plugin/tests/mod.rs
expression: errors
---
[]
