---
source: crates/printer/src/operation_js_printer/tests/mod.rs
expression: print_js(&document)
---
const MyQueryQuery = {"kind":"Document","definitions":[{"kind":"OperationDefinition","operation":"query","name":{"kind":"Name","value":"MyQuery"},"variableDefinitions":[{"kind":"VariableDefinition","variable":{"kind":"Variable","name":{"kind":"Name","value":"id"}},"type":{"kind":"NonNullType","type":{"kind":"NamedType","name":{"kind":"Name","value":"ID"}}},"directives":[]}],"directives":[],"selectionSet":{"kind":"SelectionSet","selections":[{"kind":"Field","name":{"kind":"Name","value":"user"},"arguments":[{"kind":"Argument","name":{"kind":"Name","value":"id"},"value":{"kind":"Variable","name":{"kind":"Name","value":"id"}}}],"directives":[],"selectionSet":{"kind":"SelectionSet","selections":[{"kind":"Field","name":{"kind":"Name","value":"id"},"arguments":[],"directives":[]},{"kind":"Field","name":{"kind":"Name","value":"name"},"arguments":[],"directives":[]}]}}]}}]};

export { MyQueryQuery as default };


