---
source: crates/semantics/src/operation_import_resolver/tests/mod.rs
expression: print_document(&resolved)
---
query Foo {
  foo {
    ... Frag1
  }
}
fragment Frag2 on Foo {
  baz
}
fragment Frag1 on Foo {
  bar
}

