---
source: crates/parser/src/tests/mod.rs
expression: "print_graphql(parse_operation_document(\"# Comment\nquery #comment\nsample#comment\n($foo: Int!, #comment\n# # # # #\n     $bar: Int!) {\n    # comment\n    foo\n    # comment\n    bar\n} # comment\n\").unwrap())"
---
query sample(
  $foo: Int!,
  $bar: Int!
) {
  foo
  bar
}
