---
source: crates/printer/src/operation_type_printer/tests/mod.rs
expression: printed
---
import type { TypedDocumentNode } from "@graphql-typed-document-node/core";
import type * as Schema from "";

export type SampleQueryResult = Schema.__SelectionSet<Schema.__OperationOutput.Query, {
  me: Schema.__SelectionSet<Schema.__OperationOutput.User, {
    id: Schema.__OperationOutput.ID;
    name: Schema.__OperationOutput.String;
    type: Schema.__OperationOutput.UserType;
    age: Schema.__OperationOutput.Int | null;
  }, {}>;
}, {}>;

export type SampleQueryVariables = {};

declare const SampleQueryQuery: TypedDocumentNode<SampleQueryResult, SampleQueryVariables>;

export { SampleQueryQuery as default };


