---
source: crates/printer/src/operation_type_printer/tests/mod.rs
expression: printed
---
import type { TypedDocumentNode } from "@graphql-typed-document-node/core";
import type * as Schema from "";

type Result = Schema.__SelectionSet<Schema.__OperationOutput.Query, {
  me: Schema.__SelectionSet<Schema.__OperationOutput.User, {
    id: Schema.__OperationOutput.ID;
    name: Schema.__OperationOutput.String;
    type: Schema.__OperationOutput.UserType;
    age?: never;
  }, {}> | Schema.__SelectionSet<Schema.__OperationOutput.User, {
    id: Schema.__OperationOutput.ID;
    name: Schema.__OperationOutput.String;
    type?: never;
    age: Schema.__OperationOutput.Int | null;
  }, {}>;
}, {}>;

type Variables = {
  readonly flag: Schema.__OperationInput.Boolean;
};

declare const Query: TypedDocumentNode<Result, Variables>;

export { Query as default };

export type F = Schema.__SelectionSet<Schema.__OperationOutput.User, {
  type: Schema.__OperationOutput.UserType;
}, {}>;

export const F: TypedDocumentNode<F, never>;


