---
source: crates/printer/src/operation_type_printer/tests/mod.rs
expression: printed
---
import type { TypedDocumentNode } from "@graphql-typed-document-node/core";
import type * as Schema from "";

type Result = Schema.__SelectionSet<Schema.__OperationOutput.Query, {
  me: Schema.__SelectionSet<Schema.__OperationOutput.User, {
    posts: (Schema.__SelectionSet<Schema.__OperationOutput.User, {
      id: Schema.__OperationOutput.ID;
    }, {}> | Schema.__SelectionSet<Schema.__OperationOutput.Bot, {
      id: Schema.__OperationOutput.ID;
    }, {}> | Schema.__SelectionSet<Schema.__OperationOutput.Post, {
      id: Schema.__OperationOutput.ID;
      title: Schema.__OperationOutput.String;
    }, {}> | Schema.__SelectionSet<Schema.__OperationOutput.Tweet, {
      id: Schema.__OperationOutput.ID;
      body: Schema.__OperationOutput.String;
    }, {}>)[];
  }, {}>;
}, {}>;

type Variables = {};

declare const Query: TypedDocumentNode<Result, Variables>;

export { Query as default };

export type F = Schema.__SelectionSet<Schema.__OperationOutput.Query, {
  me: Schema.__SelectionSet<Schema.__OperationOutput.User, {
    posts: (Schema.__SelectionSet<Schema.__OperationOutput.User, {
      id: Schema.__OperationOutput.ID;
    }, {}> | Schema.__SelectionSet<Schema.__OperationOutput.Bot, {
      id: Schema.__OperationOutput.ID;
    }, {}> | Schema.__SelectionSet<Schema.__OperationOutput.Post, {
      id: Schema.__OperationOutput.ID;
      title: Schema.__OperationOutput.String;
    }, {}> | Schema.__SelectionSet<Schema.__OperationOutput.Tweet, {
      id: Schema.__OperationOutput.ID;
    }, {}>)[];
  }, {}>;
}, {}>;

export const F: TypedDocumentNode<F, never>;

export type P = Schema.__SelectionSet<Schema.__OperationOutput.Query, {
  me: Schema.__SelectionSet<Schema.__OperationOutput.User, {
    posts: (Schema.__SelectionSet<Schema.__OperationOutput.User, {
      id: Schema.__OperationOutput.ID;
    }, {}> | Schema.__SelectionSet<Schema.__OperationOutput.Bot, {
      id: Schema.__OperationOutput.ID;
    }, {}> | Schema.__SelectionSet<Schema.__OperationOutput.Post, {
      id: Schema.__OperationOutput.ID;
    }, {}> | Schema.__SelectionSet<Schema.__OperationOutput.Tweet, {
      id: Schema.__OperationOutput.ID;
      body: Schema.__OperationOutput.String;
    }, {}>)[];
  }, {}>;
}, {}>;

export const P: TypedDocumentNode<P, never>;


