---
source: crates/semantics/src/schema_extension_resolver/tests/mod.rs
expression: resolved.message.to_string()
---
schema is extended, but there is no original declaration of schema
