---
source: crates/semantics/src/schema_extension_resolver/tests/mod.rs
expression: resolved.message.to_string()
---
Duplicated declaration of type 'A'
