---
source: crates/semantics/src/schema_extension_resolver/tests/mod.rs
expression: print_graphql(resolved)
---
schema {
  query: Query
  mutation: Mutation
}
type Query {
  foo: Int!
  bar(arg: String): Bar!
  baz: Baz!
}
interface I @heyhey {
  foo: Int!
}
union XYZ = | X | Y | Z
enum ABC @wow {
  A
  B
  C
}
input Input1 {
  i: Boolean!
  n: Boolean!
  p: Boolean!
  u: Boolean!
  t: Boolean!
}

