---
source: crates/printer/src/schema_type_printer/tests/mod.rs
expression: printed
---
export type __nitrogql_schema = {};

type __Beautify<Obj> = { [K in keyof Obj]: Obj[K] } & {};
export type __SelectionSet<Orig, Obj, Others> =
  __Beautify<Pick<{
    [K in keyof Orig]: Obj extends { [P in K]?: infer V } ? V : unknown
  }, Extract<keyof Orig, keyof Obj>> & Others>;

export declare namespace __OperationInput {
  export type UserType = "NormalUser" | "PremiumUser" | "AdminUser";

}

export declare namespace __OperationOutput {
  export type UserType = "NormalUser" | "PremiumUser" | "AdminUser";

}

export declare namespace __ResolverInput {
  export type UserType = "NormalUser" | "PremiumUser" | "AdminUser";

}

export declare namespace __ResolverOutput {
  export type UserType = "NormalUser" | "PremiumUser" | "AdminUser";

}

export type UserType = __OperationOutput.UserType;
export const UserType = {
  NormalUser: "NormalUser",
  PremiumUser: "PremiumUser",
  AdminUser: "AdminUser",
} as const;


