---
source: crates/printer/src/schema_type_printer/tests/mod.rs
expression: printed
---
export type __nitrogql_schema = {};

type __Beautify<Obj> = { [K in keyof Obj]: Obj[K] } & {};
export type __SelectionSet<Orig, Obj, Others> =
  __Beautify<Pick<{
    [K in keyof Orig]: Obj extends { [P in K]?: infer V } ? V : unknown
  }, Extract<keyof Orig, keyof Obj>> & Others>;
export type BigInt = bigint;

type __tmp_Date = Date;
export type { __tmp_Date as Date};

export type Obj = {
  __typename: "Obj";
  bigint: BigInt | null;
  date: Date;
};


